\BOOKMARK [0][-]{chapter*.2}{\376\377\000R\000\351\000s\000u\000m\000\351}{}% 1
\BOOKMARK [0][-]{chapter*.3}{\376\377\000A\000b\000s\000t\000r\000a\000c\000t}{}% 2
\BOOKMARK [0][-]{chapter*.4}{\376\377\000A\000b\000r\000\351\000v\000i\000a\000t\000i\000o\000n\000s\000\040\000e\000t\000\040\000n\000o\000t\000a\000t\000i\000o\000n\000s}{}% 3
\BOOKMARK [1][-]{section*.5}{\376\377\000A\000b\000r\000\351\000v\000i\000a\000t\000i\000o\000n\000s\000\040\000e\000t\000\040\000a\000c\000r\000o\000n\000y\000m\000e\000s}{chapter*.4}% 4
\BOOKMARK [1][-]{section*.6}{\376\377\000N\000o\000t\000a\000t\000i\000o\000n\000s}{chapter*.4}% 5
\BOOKMARK [0][-]{chapter*.7}{\376\377\000I\000n\000t\000r\000o\000d\000u\000c\000t\000i\000o\000n}{}% 6
\BOOKMARK [0][-]{chapter.1}{\376\377\000C\000a\000d\000r\000e\000\040\000t\000h\000\351\000o\000r\000i\000q\000u\000e\000\040\000f\000i\000n\000a\000n\000c\000i\000e\000r}{}% 7
\BOOKMARK [1][-]{section.1.1}{\376\377\000D\000\351\000f\000i\000n\000i\000t\000i\000o\000n\000\040\000d\000'\000u\000n\000e\000\040\000o\000p\000t\000i\000o\000n\000\040\000f\000i\000n\000a\000n\000c\000i\000\350\000r\000e}{chapter.1}% 8
\BOOKMARK [1][-]{section.1.2}{\376\377\000C\000a\000l\000l\000\040\000e\000t\000\040\000p\000u\000t}{chapter.1}% 9
\BOOKMARK [1][-]{section.1.3}{\376\377\000P\000a\000y\000o\000f\000f}{chapter.1}% 10
\BOOKMARK [1][-]{section.1.4}{\376\377\000O\000p\000t\000i\000o\000n\000s\000\040\000e\000u\000r\000o\000p\000\351\000e\000n\000n\000e\000s\000\040\000e\000t\000\040\000a\000m\000\351\000r\000i\000c\000a\000i\000n\000e\000s}{chapter.1}% 11
\BOOKMARK [1][-]{section.1.5}{\376\377\000P\000a\000r\000a\000m\000\350\000t\000r\000e\000s\000\040\000i\000n\000f\000l\000u\000e\000n\000\347\000a\000n\000t\000\040\000l\000e\000\040\000p\000r\000i\000x\000\040\000d\000'\000u\000n\000e\000\040\000o\000p\000t\000i\000o\000n}{chapter.1}% 12
\BOOKMARK [0][-]{chapter.2}{\376\377\000M\000o\000d\000\350\000l\000e\000\040\000d\000e\000\040\000C\000o\000x\000,\000\040\000R\000o\000s\000s\000\040\000e\000t\000\040\000R\000u\000b\000i\000n\000s\000t\000e\000i\000n}{}% 13
\BOOKMARK [1][-]{section.2.1}{\376\377\000P\000r\000i\000n\000c\000i\000p\000e\000\040\000g\000\351\000n\000\351\000r\000a\000l\000\040\000d\000u\000\040\000m\000o\000d\000\350\000l\000e\000\040\000b\000i\000n\000o\000m\000i\000a\000l}{chapter.2}% 14
\BOOKMARK [1][-]{section.2.2}{\376\377\000H\000y\000p\000o\000t\000h\000\350\000s\000e\000s\000\040\000d\000u\000\040\000m\000o\000d\000\350\000l\000e}{chapter.2}% 15
\BOOKMARK [1][-]{section.2.3}{\376\377\000D\000i\000s\000c\000r\000\351\000t\000i\000s\000a\000t\000i\000o\000n\000\040\000d\000u\000\040\000t\000e\000m\000p\000s}{chapter.2}% 16
\BOOKMARK [1][-]{section.2.4}{\376\377\000C\000o\000n\000s\000t\000r\000u\000c\000t\000i\000o\000n\000\040\000d\000e\000\040\000l\000'\000a\000r\000b\000r\000e\000\040\000d\000e\000s\000\040\000p\000r\000i\000x}{chapter.2}% 17
\BOOKMARK [2][-]{subsection.2.4.1}{\376\377\000P\000r\000i\000x\000\040\000i\000n\000i\000t\000i\000a\000l\000\040\000d\000u\000\040\000s\000o\000u\000s\000-\000j\000a\000c\000e\000n\000t}{section.2.4}% 18
\BOOKMARK [2][-]{subsection.2.4.2}{\376\377\000F\000a\000c\000t\000e\000u\000r\000\040\000d\000e\000\040\000h\000a\000u\000s\000s\000e}{section.2.4}% 19
\BOOKMARK [2][-]{subsection.2.4.3}{\376\377\000F\000a\000c\000t\000e\000u\000r\000\040\000d\000e\000\040\000b\000a\000i\000s\000s\000e}{section.2.4}% 20
\BOOKMARK [1][-]{section.2.5}{\376\377\000F\000o\000r\000m\000u\000l\000e\000\040\000d\000e\000s\000\040\000p\000r\000i\000x\000\040\000d\000a\000n\000s\000\040\000l\000'\000a\000r\000b\000r\000e}{chapter.2}% 21
\BOOKMARK [1][-]{section.2.6}{\376\377\000P\000r\000o\000b\000a\000b\000i\000l\000i\000t\000\351\000\040\000r\000i\000s\000q\000u\000e\000-\000n\000e\000u\000t\000r\000e}{chapter.2}% 22
\BOOKMARK [1][-]{section.2.7}{\376\377\000A\000c\000t\000u\000a\000l\000i\000s\000a\000t\000i\000o\000n}{chapter.2}% 23
\BOOKMARK [1][-]{section.2.8}{\376\377\000R\000\351\000t\000r\000o\000p\000r\000o\000p\000a\000g\000a\000t\000i\000o\000n}{chapter.2}% 24
\BOOKMARK [2][-]{subsection.2.8.1}{\376\377\000C\000a\000s\000\040\000d\000'\000u\000n\000e\000\040\000o\000p\000t\000i\000o\000n\000\040\000e\000u\000r\000o\000p\000\351\000e\000n\000n\000e}{section.2.8}% 25
\BOOKMARK [2][-]{subsection.2.8.2}{\376\377\000C\000a\000s\000\040\000d\000'\000u\000n\000e\000\040\000o\000p\000t\000i\000o\000n\000\040\000a\000m\000\351\000r\000i\000c\000a\000i\000n\000e}{section.2.8}% 26
\BOOKMARK [1][-]{section.2.9}{\376\377\000D\000i\000f\000f\000\351\000r\000e\000n\000c\000e\000\040\000e\000n\000t\000r\000e\000\040\000o\000p\000t\000i\000o\000n\000\040\000e\000u\000r\000o\000p\000\351\000e\000n\000n\000e\000\040\000e\000t\000\040\000o\000p\000t\000i\000o\000n\000\040\000a\000m\000\351\000r\000i\000c\000a\000i\000n\000e}{chapter.2}% 27
\BOOKMARK [0][-]{chapter.3}{\376\377\000C\000a\000l\000i\000b\000r\000a\000t\000i\000o\000n\000\040\000d\000e\000s\000\040\000p\000a\000r\000a\000m\000\350\000t\000r\000e\000s}{}% 28
\BOOKMARK [1][-]{section.3.1}{\376\377\000O\000b\000j\000e\000c\000t\000i\000f\000\040\000d\000e\000\040\000l\000a\000\040\000c\000a\000l\000i\000b\000r\000a\000t\000i\000o\000n}{chapter.3}% 29
\BOOKMARK [1][-]{section.3.2}{\376\377\000C\000h\000o\000i\000x\000\040\000d\000u\000\040\000s\000o\000u\000s\000-\000j\000a\000c\000e\000n\000t}{chapter.3}% 30
\BOOKMARK [1][-]{section.3.3}{\376\377\000R\000\351\000c\000u\000p\000\351\000r\000a\000t\000i\000o\000n\000\040\000d\000e\000s\000\040\000d\000o\000n\000n\000\351\000e\000s\000\040\000d\000e\000\040\000m\000a\000r\000c\000h\000\351}{chapter.3}% 31
\BOOKMARK [1][-]{section.3.4}{\376\377\000N\000e\000t\000t\000o\000y\000a\000g\000e\000\040\000d\000e\000s\000\040\000d\000o\000n\000n\000\351\000e\000s}{chapter.3}% 32
\BOOKMARK [1][-]{section.3.5}{\376\377\000P\000r\000i\000x\000\040\000d\000e\000\040\000c\000l\000\364\000t\000u\000r\000e}{chapter.3}% 33
\BOOKMARK [1][-]{section.3.6}{\376\377\000R\000e\000n\000d\000e\000m\000e\000n\000t\000s\000\040\000l\000o\000g\000a\000r\000i\000t\000h\000m\000i\000q\000u\000e\000s}{chapter.3}% 34
\BOOKMARK [1][-]{section.3.7}{\376\377\000E\000s\000t\000i\000m\000a\000t\000i\000o\000n\000\040\000d\000e\000\040\000l\000a\000\040\000v\000o\000l\000a\000t\000i\000l\000i\000t\000\351\000\040\000h\000i\000s\000t\000o\000r\000i\000q\000u\000e}{chapter.3}% 35
\BOOKMARK [1][-]{section.3.8}{\376\377\000C\000h\000o\000i\000x\000\040\000d\000u\000\040\000t\000a\000u\000x\000\040\000s\000a\000n\000s\000\040\000r\000i\000s\000q\000u\000e}{chapter.3}% 36
\BOOKMARK [1][-]{section.3.9}{\376\377\000C\000a\000l\000c\000u\000l\000\040\000d\000u\000\040\000p\000a\000s\000\040\000d\000e\000\040\000t\000e\000m\000p\000s}{chapter.3}% 37
\BOOKMARK [1][-]{section.3.10}{\376\377\000C\000a\000l\000c\000u\000l\000\040\000d\000e\000s\000\040\000f\000a\000c\000t\000e\000u\000r\000s\000\040\000u\000\040\000e\000t\000\040\000d}{chapter.3}% 38
\BOOKMARK [1][-]{section.3.11}{\376\377\000C\000a\000l\000c\000u\000l\000\040\000d\000e\000\040\000l\000a\000\040\000p\000r\000o\000b\000a\000b\000i\000l\000i\000t\000\351\000\040\000r\000i\000s\000q\000u\000e\000-\000n\000e\000u\000t\000r\000e\000\040\000p\000*}{chapter.3}% 39
\BOOKMARK [0][-]{chapter.4}{\376\377\000I\000m\000p\000l\000\351\000m\000e\000n\000t\000a\000t\000i\000o\000n\000\040\000i\000n\000f\000o\000r\000m\000a\000t\000i\000q\000u\000e}{}% 40
\BOOKMARK [1][-]{section.4.1}{\376\377\000A\000r\000c\000h\000i\000t\000e\000c\000t\000u\000r\000e\000\040\000g\000\351\000n\000\351\000r\000a\000l\000e\000\040\000d\000u\000\040\000p\000r\000o\000j\000e\000t}{chapter.4}% 41
\BOOKMARK [1][-]{section.4.2}{\376\377\000O\000r\000g\000a\000n\000i\000s\000a\000t\000i\000o\000n\000\040\000d\000e\000s\000\040\000f\000i\000c\000h\000i\000e\000r\000s}{chapter.4}% 42
\BOOKMARK [2][-]{subsection.4.2.1}{\376\377\000F\000i\000c\000h\000i\000e\000r\000\040\000o\000p\000t\000i\000o\000n\000.\000p\000y}{section.4.2}% 43
\BOOKMARK [2][-]{subsection.4.2.2}{\376\377\000F\000i\000c\000h\000i\000e\000r\000\040\000m\000a\000r\000k\000e\000t\000\137\000d\000a\000t\000a\000.\000p\000y}{section.4.2}% 44
\BOOKMARK [2][-]{subsection.4.2.3}{\376\377\000F\000i\000c\000h\000i\000e\000r\000\040\000c\000a\000l\000i\000b\000r\000a\000t\000i\000o\000n\000.\000p\000y}{section.4.2}% 45
\BOOKMARK [2][-]{subsection.4.2.4}{\376\377\000F\000i\000c\000h\000i\000e\000r\000\040\000c\000r\000r\000.\000p\000y}{section.4.2}% 46
\BOOKMARK [2][-]{subsection.4.2.5}{\376\377\000F\000i\000c\000h\000i\000e\000r\000\040\000b\000a\000c\000k\000t\000e\000s\000t\000e\000r\000.\000p\000y}{section.4.2}% 47
\BOOKMARK [1][-]{section.4.3}{\376\377\000C\000l\000a\000s\000s\000e\000\040\000O\000p\000t\000i\000o\000n}{chapter.4}% 48
\BOOKMARK [2][-]{subsection.4.3.1}{\376\377\000A\000t\000t\000r\000i\000b\000u\000t\000s\000\040\000d\000e\000\040\000l\000a\000\040\000c\000l\000a\000s\000s\000e}{section.4.3}% 49
\BOOKMARK [2][-]{subsection.4.3.2}{\376\377\000M\000\351\000t\000h\000o\000d\000e\000\040\000d\000e\000\040\000c\000a\000l\000c\000u\000l\000\040\000d\000u\000\040\000p\000a\000y\000o\000f\000f}{section.4.3}% 50
\BOOKMARK [2][-]{subsection.4.3.3}{\376\377\000V\000\351\000r\000i\000f\000i\000c\000a\000t\000i\000o\000n\000\040\000d\000e\000s\000\040\000p\000a\000r\000a\000m\000\350\000t\000r\000e\000s}{section.4.3}% 51
\BOOKMARK [1][-]{section.4.4}{\376\377\000M\000o\000d\000u\000l\000e\000\040\000d\000e\000\040\000d\000o\000n\000n\000\351\000e\000s\000\040\000d\000e\000\040\000m\000a\000r\000c\000h\000\351}{chapter.4}% 52
\BOOKMARK [2][-]{subsection.4.4.1}{\376\377\000T\000\351\000l\000\351\000c\000h\000a\000r\000g\000e\000m\000e\000n\000t\000\040\000d\000e\000s\000\040\000d\000o\000n\000n\000\351\000e\000s}{section.4.4}% 53
\BOOKMARK [2][-]{subsection.4.4.2}{\376\377\000N\000e\000t\000t\000o\000y\000a\000g\000e\000\040\000d\000e\000s\000\040\000d\000o\000n\000n\000\351\000e\000s}{section.4.4}% 54
\BOOKMARK [2][-]{subsection.4.4.3}{\376\377\000C\000a\000l\000c\000u\000l\000\040\000d\000e\000s\000\040\000r\000e\000n\000d\000e\000m\000e\000n\000t\000s}{section.4.4}% 55
\BOOKMARK [1][-]{section.4.5}{\376\377\000M\000o\000d\000u\000l\000e\000\040\000d\000e\000\040\000c\000a\000l\000i\000b\000r\000a\000t\000i\000o\000n}{chapter.4}% 56
\BOOKMARK [2][-]{subsection.4.5.1}{\376\377\000E\000s\000t\000i\000m\000a\000t\000i\000o\000n\000\040\000d\000e\000\040\000l\000a\000\040\000v\000o\000l\000a\000t\000i\000l\000i\000t\000\351}{section.4.5}% 57
\BOOKMARK [2][-]{subsection.4.5.2}{\376\377\000G\000e\000s\000t\000i\000o\000n\000\040\000d\000u\000\040\000t\000a\000u\000x\000\040\000s\000a\000n\000s\000\040\000r\000i\000s\000q\000u\000e}{section.4.5}% 58
\BOOKMARK [2][-]{subsection.4.5.3}{\376\377\000C\000a\000l\000c\000u\000l\000\040\000d\000e\000s\000\040\000p\000a\000r\000a\000m\000\350\000t\000r\000e\000s\000\040\000d\000u\000\040\000m\000o\000d\000\350\000l\000e}{section.4.5}% 59
\BOOKMARK [1][-]{section.4.6}{\376\377\000M\000o\000d\000u\000l\000e\000\040\000C\000R\000R}{chapter.4}% 60
\BOOKMARK [2][-]{subsection.4.6.1}{\376\377\000C\000o\000n\000s\000t\000r\000u\000c\000t\000i\000o\000n\000\040\000d\000e\000\040\000l\040\031\000a\000r\000b\000r\000e\000\040\000b\000i\000n\000o\000m\000i\000a\000l}{section.4.6}% 61
\BOOKMARK [2][-]{subsection.4.6.2}{\376\377\000C\000a\000l\000c\000u\000l\000\040\000d\000e\000s\000\040\000p\000a\000y\000o\000f\000f\000s\000\040\000t\000e\000r\000m\000i\000n\000a\000u\000x}{section.4.6}% 62
\BOOKMARK [2][-]{subsection.4.6.3}{\376\377\000P\000r\000i\000c\000i\000n\000g\000\040\000e\000u\000r\000o\000p\000\351\000e\000n}{section.4.6}% 63
\BOOKMARK [2][-]{subsection.4.6.4}{\376\377\000P\000r\000i\000c\000i\000n\000g\000\040\000a\000m\000\351\000r\000i\000c\000a\000i\000n}{section.4.6}% 64
\BOOKMARK [1][-]{section.4.7}{\376\377\000M\000o\000d\000u\000l\000e\000\040\000d\000e\000\040\000b\000a\000c\000k\000t\000e\000s\000t}{chapter.4}% 65
\BOOKMARK [2][-]{subsection.4.7.1}{\376\377\000C\000o\000m\000p\000a\000r\000a\000i\000s\000o\000n\000\040\000d\000e\000s\000\040\000p\000r\000i\000x}{section.4.7}% 66
\BOOKMARK [2][-]{subsection.4.7.2}{\376\377\000C\000a\000l\000c\000u\000l\000\040\000d\000e\000s\000\040\000e\000r\000r\000e\000u\000r\000s}{section.4.7}% 67
\BOOKMARK [2][-]{subsection.4.7.3}{\376\377\000M\000\351\000t\000r\000i\000q\000u\000e\000s\000\040\000d\040\031\000\351\000v\000a\000l\000u\000a\000t\000i\000o\000n}{section.4.7}% 68
\BOOKMARK [0][-]{chapter.5}{\376\377\000E\000x\000p\000\351\000r\000i\000m\000e\000n\000t\000a\000t\000i\000o\000n\000s\000\040\000n\000u\000m\000\351\000r\000i\000q\000u\000e\000s}{}% 69
\BOOKMARK [1][-]{section.5.1}{\376\377\000O\000b\000j\000e\000c\000t\000i\000f\000\040\000d\000e\000s\000\040\000e\000x\000p\000\351\000r\000i\000m\000e\000n\000t\000a\000t\000i\000o\000n\000s}{chapter.5}% 70
\BOOKMARK [1][-]{section.5.2}{\376\377\000P\000a\000r\000a\000m\000\350\000t\000r\000e\000s\000\040\000u\000t\000i\000l\000i\000s\000\351\000s}{chapter.5}% 71
\BOOKMARK [2][-]{subsection.5.2.1}{\376\377\000C\000h\000o\000i\000x\000\040\000d\000u\000\040\000s\000o\000u\000s\000-\000j\000a\000c\000e\000n\000t}{section.5.2}% 72
\BOOKMARK [2][-]{subsection.5.2.2}{\376\377\000C\000h\000o\000i\000x\000\040\000d\000u\000\040\000s\000t\000r\000i\000k\000e}{section.5.2}% 73
\BOOKMARK [2][-]{subsection.5.2.3}{\376\377\000C\000h\000o\000i\000x\000\040\000d\000e\000\040\000l\000a\000\040\000m\000a\000t\000u\000r\000i\000t\000\351}{section.5.2}% 74
\BOOKMARK [2][-]{subsection.5.2.4}{\376\377\000C\000h\000o\000i\000x\000\040\000d\000u\000\040\000n\000o\000m\000b\000r\000e\000\040\000d\040\031\000\351\000t\000a\000p\000e\000s}{section.5.2}% 75
\BOOKMARK [1][-]{section.5.3}{\376\377\000E\000x\000e\000m\000p\000l\000e\000\040\000d\040\031\000a\000r\000b\000r\000e\000\040\000b\000i\000n\000o\000m\000i\000a\000l}{chapter.5}% 76
\BOOKMARK [1][-]{section.5.4}{\376\377\000P\000r\000i\000c\000i\000n\000g\000\040\000d\040\031\000u\000n\000\040\000c\000a\000l\000l\000\040\000e\000u\000r\000o\000p\000\351\000e\000n}{chapter.5}% 77
\BOOKMARK [1][-]{section.5.5}{\376\377\000P\000r\000i\000c\000i\000n\000g\000\040\000d\040\031\000u\000n\000\040\000p\000u\000t\000\040\000e\000u\000r\000o\000p\000\351\000e\000n}{chapter.5}% 78
\BOOKMARK [1][-]{section.5.6}{\376\377\000P\000r\000i\000c\000i\000n\000g\000\040\000d\040\031\000u\000n\000e\000\040\000o\000p\000t\000i\000o\000n\000\040\000a\000m\000\351\000r\000i\000c\000a\000i\000n\000e}{chapter.5}% 79
\BOOKMARK [1][-]{section.5.7}{\376\377\000C\000o\000m\000p\000a\000r\000a\000i\000s\000o\000n\000\040\000e\000n\000t\000r\000e\000\040\000o\000p\000t\000i\000o\000n\000s\000\040\000e\000u\000r\000o\000p\000\351\000e\000n\000n\000e\000s\000\040\000e\000t\000\040\000a\000m\000\351\000r\000i\000c\000a\000i\000n\000e\000s}{chapter.5}% 80
\BOOKMARK [1][-]{section.5.8}{\376\377\000I\000n\000f\000l\000u\000e\000n\000c\000e\000\040\000d\000u\000\040\000n\000o\000m\000b\000r\000e\000\040\000d\040\031\000\351\000t\000a\000p\000e\000s}{chapter.5}% 81
\BOOKMARK [1][-]{section.5.9}{\376\377\000I\000n\000f\000l\000u\000e\000n\000c\000e\000\040\000d\000e\000\040\000l\000a\000\040\000v\000o\000l\000a\000t\000i\000l\000i\000t\000\351}{chapter.5}% 82
\BOOKMARK [1][-]{section.5.10}{\376\377\000I\000n\000f\000l\000u\000e\000n\000c\000e\000\040\000d\000u\000\040\000s\000t\000r\000i\000k\000e}{chapter.5}% 83
\BOOKMARK [1][-]{section.5.11}{\376\377\000A\000n\000a\000l\000y\000s\000e\000\040\000d\000e\000s\000\040\000r\000\351\000s\000u\000l\000t\000a\000t\000s\000\040\000o\000b\000t\000e\000n\000u\000s}{chapter.5}% 84
\BOOKMARK [0][-]{chapter.6}{\376\377\000B\000a\000c\000k\000t\000e\000s\000t\000\040\000e\000t\000\040\000v\000a\000l\000i\000d\000a\000t\000i\000o\000n\000\040\000d\000u\000\040\000m\000o\000d\000\350\000l\000e}{}% 85
\BOOKMARK [1][-]{section.6.1}{\376\377\000O\000b\000j\000e\000c\000t\000i\000f\000\040\000d\000u\000\040\000b\000a\000c\000k\000t\000e\000s\000t}{chapter.6}% 86
\BOOKMARK [1][-]{section.6.2}{\376\377\000M\000\351\000t\000h\000o\000d\000o\000l\000o\000g\000i\000e\000\040\000d\000e\000\040\000v\000a\000l\000i\000d\000a\000t\000i\000o\000n}{chapter.6}% 87
\BOOKMARK [1][-]{section.6.3}{\376\377\000F\000e\000n\000\352\000t\000r\000e\000\040\000d\040\031\000e\000s\000t\000i\000m\000a\000t\000i\000o\000n}{chapter.6}% 88
\BOOKMARK [1][-]{section.6.4}{\376\377\000R\000e\000c\000a\000l\000i\000b\000r\000a\000t\000i\000o\000n\000\040\000d\000e\000s\000\040\000p\000a\000r\000a\000m\000\350\000t\000r\000e\000s}{chapter.6}% 89
\BOOKMARK [1][-]{section.6.5}{\376\377\000C\000o\000m\000p\000a\000r\000a\000i\000s\000o\000n\000\040\000e\000n\000t\000r\000e\000\040\000p\000r\000i\000x\000\040\000p\000r\000\351\000d\000i\000t\000\040\000e\000t\000\040\000p\000r\000i\000x\000\040\000d\000e\000\040\000r\000\351\000f\000\351\000r\000e\000n\000c\000e}{chapter.6}% 90
\BOOKMARK [1][-]{section.6.6}{\376\377\000E\000r\000r\000e\000u\000r\000\040\000a\000b\000s\000o\000l\000u\000e}{chapter.6}% 91
\BOOKMARK [1][-]{section.6.7}{\376\377\000E\000r\000r\000e\000u\000r\000\040\000r\000e\000l\000a\000t\000i\000v\000e}{chapter.6}% 92
\BOOKMARK [1][-]{section.6.8}{\376\377\000M\000e\000a\000n\000\040\000A\000b\000s\000o\000l\000u\000t\000e\000\040\000E\000r\000r\000o\000r}{chapter.6}% 93
\BOOKMARK [1][-]{section.6.9}{\376\377\000R\000o\000o\000t\000\040\000M\000e\000a\000n\000\040\000S\000q\000u\000a\000r\000e\000d\000\040\000E\000r\000r\000o\000r}{chapter.6}% 94
\BOOKMARK [1][-]{section.6.10}{\376\377\000A\000n\000a\000l\000y\000s\000e\000\040\000d\000e\000\040\000l\000a\000\040\000s\000t\000a\000b\000i\000l\000i\000t\000\351\000\040\000d\000u\000\040\000m\000o\000d\000\350\000l\000e}{chapter.6}% 95
\BOOKMARK [1][-]{section.6.11}{\376\377\000I\000n\000t\000e\000r\000p\000r\000\351\000t\000a\000t\000i\000o\000n\000\040\000d\000e\000s\000\040\000r\000\351\000s\000u\000l\000t\000a\000t\000s}{chapter.6}% 96
\BOOKMARK [0][-]{chapter.7}{\376\377\000L\000i\000m\000i\000t\000e\000s\000\040\000e\000t\000\040\000p\000e\000r\000s\000p\000e\000c\000t\000i\000v\000e\000s}{}% 97
\BOOKMARK [1][-]{section.7.1}{\376\377\000L\000i\000m\000i\000t\000e\000s\000\040\000d\000u\000\040\000m\000o\000d\000\350\000l\000e\000\040\000C\000R\000R}{chapter.7}% 98
\BOOKMARK [2][-]{subsection.7.1.1}{\376\377\000H\000y\000p\000o\000t\000h\000\350\000s\000e\000\040\000d\000e\000\040\000v\000o\000l\000a\000t\000i\000l\000i\000t\000\351\000\040\000c\000o\000n\000s\000t\000a\000n\000t\000e}{section.7.1}% 99
\BOOKMARK [2][-]{subsection.7.1.2}{\376\377\000H\000y\000p\000o\000t\000h\000\350\000s\000e\000\040\000d\000e\000\040\000t\000a\000u\000x\000\040\000s\000a\000n\000s\000\040\000r\000i\000s\000q\000u\000e\000\040\000c\000o\000n\000s\000t\000a\000n\000t}{section.7.1}% 100
\BOOKMARK [2][-]{subsection.7.1.3}{\376\377\000D\000i\000s\000c\000r\000\351\000t\000i\000s\000a\000t\000i\000o\000n\000\040\000d\000u\000\040\000t\000e\000m\000p\000s}{section.7.1}% 101
\BOOKMARK [1][-]{section.7.2}{\376\377\000L\000i\000m\000i\000t\000e\000s\000\040\000l\000i\000\351\000e\000s\000\040\000a\000u\000x\000\040\000d\000o\000n\000n\000\351\000e\000s\000\040\000r\000\351\000e\000l\000l\000e\000s}{chapter.7}% 102
\BOOKMARK [1][-]{section.7.3}{\376\377\000L\000i\000m\000i\000t\000e\000s\000\040\000l\000i\000\351\000e\000s\000\040\000\340\000\040\000l\000a\000\040\000c\000a\000l\000i\000b\000r\000a\000t\000i\000o\000n}{chapter.7}% 103
\BOOKMARK [1][-]{section.7.4}{\376\377\000L\000i\000m\000i\000t\000e\000s\000\040\000l\000i\000\351\000e\000s\000\040\000\340\000\040\000l\040\031\000i\000m\000p\000l\000\351\000m\000e\000n\000t\000a\000t\000i\000o\000n}{chapter.7}% 104
\BOOKMARK [1][-]{section.7.5}{\376\377\000A\000m\000\351\000l\000i\000o\000r\000a\000t\000i\000o\000n\000s\000\040\000p\000o\000s\000s\000i\000b\000l\000e\000s}{chapter.7}% 105
\BOOKMARK [2][-]{subsection.7.5.1}{\376\377\000U\000t\000i\000l\000i\000s\000a\000t\000i\000o\000n\000\040\000d\040\031\000u\000n\000e\000\040\000v\000o\000l\000a\000t\000i\000l\000i\000t\000\351\000\040\000i\000m\000p\000l\000i\000c\000i\000t\000e}{section.7.5}% 106
\BOOKMARK [2][-]{subsection.7.5.2}{\376\377\000C\000o\000m\000p\000a\000r\000a\000i\000s\000o\000n\000\040\000a\000v\000e\000c\000\040\000l\000e\000\040\000m\000o\000d\000\350\000l\000e\000\040\000d\000e\000\040\000B\000l\000a\000c\000k\000-\000S\000c\000h\000o\000l\000e\000s}{section.7.5}% 107
\BOOKMARK [2][-]{subsection.7.5.3}{\376\377\000A\000u\000g\000m\000e\000n\000t\000a\000t\000i\000o\000n\000\040\000d\000u\000\040\000n\000o\000m\000b\000r\000e\000\040\000d\040\031\000\351\000t\000a\000p\000e\000s}{section.7.5}% 108
\BOOKMARK [2][-]{subsection.7.5.4}{\376\377\000U\000t\000i\000l\000i\000s\000a\000t\000i\000o\000n\000\040\000d\000e\000\040\000d\000o\000n\000n\000\351\000e\000s\000\040\000d\040\031\000o\000p\000t\000i\000o\000n\000s\000\040\000r\000\351\000e\000l\000l\000e\000s}{section.7.5}% 109
\BOOKMARK [0][-]{chapter*.12}{\376\377\000C\000o\000n\000c\000l\000u\000s\000i\000o\000n\000\040\000e\000t\000\040\000p\000e\000r\000s\000p\000e\000c\000t\000i\000v\000e\000s}{}% 110
\BOOKMARK [0][-]{chapter*.12}{\376\377\000B\000i\000b\000l\000i\000o\000g\000r\000a\000p\000h\000i\000e}{}% 111
\BOOKMARK [0][-]{chapter*.13}{\376\377\000A\000n\000n\000e\000x\000e\000s}{}% 112
\BOOKMARK [1][-]{section*.14}{\376\377\000A\000n\000n\000e\000x\000e\000\040\000A\000\040\000:\000\040\000C\000o\000d\000e\000\040\000P\000y\000t\000h\000o\000n}{chapter*.13}% 113
\BOOKMARK [1][-]{section*.15}{\376\377\000A\000n\000n\000e\000x\000e\000\040\000B\000\040\000:\000\040\000R\000\351\000s\000u\000l\000t\000a\000t\000s\000\040\000c\000o\000m\000p\000l\000\351\000m\000e\000n\000t\000a\000i\000r\000e\000s}{chapter*.13}% 114
\BOOKMARK [1][-]{section*.16}{\376\377\000A\000n\000n\000e\000x\000e\000\040\000C\000\040\000:\000\040\000F\000i\000g\000u\000r\000e\000s\000\040\000s\000u\000p\000p\000l\000\351\000m\000e\000n\000t\000a\000i\000r\000e\000s}{chapter*.13}% 115
